// Jest Snapshot v1, https://goo.gl/fbAQLP

exports[`Models test suite should preserve structure 1`] = `Object {}`;
