// Jest Snapshot v1, https://goo.gl/fbAQLP

exports[`Planets service test suite should retrieve data correctly 1`] = `Promise {}`;
